// Jest Snapshot v1, https://goo.gl/fbAQLP

exports[`Testing TitleBar should render correctly 1`] = `ShallowWrapper {}`;
